// Jest Snapshot v1, https://goo.gl/fbAQLP

exports[`<ProfileCard /> Snapshot test for ProfileCard  1`] = `ShallowWrapper {}`;
