// Jest Snapshot v1, https://goo.gl/fbAQLP

exports[`<ConversationCell/> Snapshot test for ConversationCell 1`] = `ShallowWrapper {}`;
