// Jest Snapshot v1, https://goo.gl/fbAQLP

exports[`<SearchBox /> Snapshot test for SearchBox  1`] = `ShallowWrapper {}`;
