// Jest Snapshot v1, https://goo.gl/fbAQLP

exports[`<DefaulttimeLineItem/> Snapshot test for DefaulttimeLineItem 1`] = `ShallowWrapper {}`;
