// Jest Snapshot v1, https://goo.gl/fbAQLP

exports[`<InfoCard/> Snapshot test for PhroductGridItem 1`] = `ShallowWrapper {}`;
