// Jest Snapshot v1, https://goo.gl/fbAQLP

exports[`<itemSecond/> Snapshot test for ProductGridItem 1`] = `ShallowWrapper {}`;
