// Jest Snapshot v1, https://goo.gl/fbAQLP

exports[`ChatUserList 1`] = `ReactWrapper {}`;
