// Jest Snapshot v1, https://goo.gl/fbAQLP

exports[`<CommentBox/> Snapshot test for CommentBox 1`] = `ShallowWrapper {}`;
