// Jest Snapshot v1, https://goo.gl/fbAQLP

exports[`<GridImage/> Snapshot test for GridImage 1`] = `ShallowWrapper {}`;
