// Jest Snapshot v1, https://goo.gl/fbAQLP

exports[`<PostItem/> Snapshot test for PostItem 1`] = `ShallowWrapper {}`;
