// Jest Snapshot v1, https://goo.gl/fbAQLP

exports[`<PostList/> Snapshot test for PostList 1`] = `ShallowWrapper {}`;
