// Jest Snapshot v1, https://goo.gl/fbAQLP

exports[`ChartCard 1`] = `ShallowWrapper {}`;
