// Jest Snapshot v1, https://goo.gl/fbAQLP

exports[`<ProductListItem/> Snapshot test for ProductListItem 1`] = `ShallowWrapper {}`;
