// Jest Snapshot v1, https://goo.gl/fbAQLP

exports[`<ProductGridItem/> Snapshot test for ProductGridItem 1`] = `ShallowWrapper {}`;
