// Jest Snapshot v1, https://goo.gl/fbAQLP

exports[`<itemFirst/> Snapshot test for PhroductGridItem 1`] = `ShallowWrapper {}`;
