// Jest Snapshot v1, https://goo.gl/fbAQLP

exports[`<itemThird/> Snapshot test for PhroductGridItem 1`] = `ShallowWrapper {}`;
