// Jest Snapshot v1, https://goo.gl/fbAQLP

exports[`<itemSecond/> Snapshot test for PhroductGridItem 1`] = `ShallowWrapper {}`;
