// Jest Snapshot v1, https://goo.gl/fbAQLP

exports[`<About /> Snapshot test for About  1`] = `ShallowWrapper {}`;
