// Jest Snapshot v1, https://goo.gl/fbAQLP

exports[`<Search /> Snapshot test for Search 1`] = `ShallowWrapper {}`;
