// Jest Snapshot v1, https://goo.gl/fbAQLP

exports[`CircularProgress 1`] = `ReactWrapper {}`;
