// Jest Snapshot v1, https://goo.gl/fbAQLP

exports[`<StatBox /> Snapshot test for StatBox  1`] = `ShallowWrapper {}`;
