// Jest Snapshot v1, https://goo.gl/fbAQLP

exports[`CardMenu 1`] = `ShallowWrapper {}`;
