// Jest Snapshot v1, https://goo.gl/fbAQLP

exports[`<RecentActivity /> Snapshot test for RecentActivity  1`] = `ShallowWrapper {}`;
