// Jest Snapshot v1, https://goo.gl/fbAQLP

exports[`<ReportBox /> Snapshot test for ReportBox  1`] = `ShallowWrapper {}`;
