// Jest Snapshot v1, https://goo.gl/fbAQLP

exports[`<EventItem /> Snapshot test for EventItem  1`] = `ShallowWrapper {}`;
