// Jest Snapshot v1, https://goo.gl/fbAQLP

exports[`<Events /> Snapshot test for Events  1`] = `ShallowWrapper {}`;
