// Jest Snapshot v1, https://goo.gl/fbAQLP

exports[`ImsCard /> ImsCard snapshot 1`] = `ShallowWrapper {}`;
