// Jest Snapshot v1, https://goo.gl/fbAQLP

exports[`<InfoWithBgImage/> Snapshot test for PhroductGridItem 1`] = `ShallowWrapper {}`;
