// Jest Snapshot v1, https://goo.gl/fbAQLP

exports[`<MailList/> Snapshot test for PhroductGridItem 1`] = `ShallowWrapper {}`;
