// Jest Snapshot v1, https://goo.gl/fbAQLP

exports[`OrderList /> OrderList snapshot 1`] = `ShallowWrapper {}`;
