// Jest Snapshot v1, https://goo.gl/fbAQLP

exports[`LineChartMain 1`] = `ShallowWrapper {}`;
