// Jest Snapshot v1, https://goo.gl/fbAQLP

exports[`<WidgetHeader/> Snapshot test for WidgetHeader 1`] = `ShallowWrapper {}`;
