// Jest Snapshot v1, https://goo.gl/fbAQLP

exports[`<SaleBox/> Snapshot test for PhroductGridItem 1`] = `ShallowWrapper {}`;
