// Jest Snapshot v1, https://goo.gl/fbAQLP

exports[`<Alert/> Snapshot test for Alert 1`] = `ShallowWrapper {}`;
