// Jest Snapshot v1, https://goo.gl/fbAQLP

exports[`CardBox 1`] = `ShallowWrapper {}`;
