// Jest Snapshot v1, https://goo.gl/fbAQLP

exports[`<DisplayDate/> Snapshot test for PhroductGridItem 1`] = `ShallowWrapper {}`;
