// Jest Snapshot v1, https://goo.gl/fbAQLP

exports[`RecipeReview snapshot 1`] = `ShallowWrapper {}`;
