// Jest Snapshot v1, https://goo.gl/fbAQLP

exports[`snapshot test MarketingTableCell 1`] = `ShallowWrapper {}`;
