// Jest Snapshot v1, https://goo.gl/fbAQLP

exports[`Renders without error 1`] = `ShallowWrapper {}`;
