// Jest Snapshot v1, https://goo.gl/fbAQLP

exports[`snapshot test UserCell 1`] = `ShallowWrapper {}`;
