// Jest Snapshot v1, https://goo.gl/fbAQLP

exports[`snapshot test UserDetailCell 1`] = `ShallowWrapper {}`;
