// Jest Snapshot v1, https://goo.gl/fbAQLP

exports[`ContainerHeader 1`] = `ShallowWrapper {}`;
