// Jest Snapshot v1, https://goo.gl/fbAQLP

exports[`<Biography /> Snapshot test for Biography  1`] = `ShallowWrapper {}`;
