// Jest Snapshot v1, https://goo.gl/fbAQLP

exports[`ContactCard 1`] = `ReactWrapper {}`;
