// Jest Snapshot v1, https://goo.gl/fbAQLP

exports[`CardLayout 1`] = `ShallowWrapper {}`;
