// Jest Snapshot v1, https://goo.gl/fbAQLP

exports[`<Events/> Snapshot test for PhroductGridItem 1`] = `ShallowWrapper {}`;
