// Jest Snapshot v1, https://goo.gl/fbAQLP

exports[`<NewsList/> Snapshot test for NewsList 1`] = `ShallowWrapper {}`;
