// Jest Snapshot v1, https://goo.gl/fbAQLP

exports[`Callout 1`] = `ShallowWrapper {}`;
